Microsoft Windows [Version 10.0.19045.4291]
(c) Microsoft Corporation. All rights reserved.

C:\Users\OWNER>cd..

C:\Users>cd..

C:\>e:

E:\>cd E:\DD file\Xampp\mysql\bin

E:\DD file\Xampp\mysql\bin>mysql -u root -p
Enter password:
ERROR 2002 (HY000): Can't connect to MySQL server on 'localhost' (10061)

E:\DD file\Xampp\mysql\bin>mysql -u root -p
Enter password:
ERROR 2002 (HY000): Can't connect to MySQL server on 'localhost' (10061)

E:\DD file\Xampp\mysql\bin>mysql -u root -p
Enter password:
Welcome to the MariaDB monitor.  Commands end with ; or \g.
Your MariaDB connection id is 8
Server version: 10.4.32-MariaDB mariadb.org binary distribution

Copyright (c) 2000, 2018, Oracle, MariaDB Corporation Ab and others.

Type 'help;' or '\h' for help. Type '\c' to clear the current input statement.

MariaDB [(none)]>









Microsoft Windows [Version 10.0.19045.4291]
(c) Microsoft Corporation. All rights reserved.

C:\Users\OWNER>cd..

C:\Users>cd..

C:\>e:

E:\>cd E:\DD file\Xampp\mysql\bin

E:\DD file\Xampp\mysql\bin>mysql -u root -p
Enter password:
ERROR 2002 (HY000): Can't connect to MySQL server on 'localhost' (10061)

E:\DD file\Xampp\mysql\bin>mysql -u root -p
Enter password:
ERROR 2002 (HY000): Can't connect to MySQL server on 'localhost' (10061)

E:\DD file\Xampp\mysql\bin>mysql -u root -p
Enter password:
Welcome to the MariaDB monitor.  Commands end with ; or \g.
Your MariaDB connection id is 8
Server version: 10.4.32-MariaDB mariadb.org binary distribution

Copyright (c) 2000, 2018, Oracle, MariaDB Corporation Ab and others.

Type 'help;' or '\h' for help. Type '\c' to clear the current input statement.

MariaDB [(none)]>
