PS E:\DD file\Danar's Files\Sanata Dharma\semester 4\platform2> git init
Initialized empty Git repository in E:/DD file/Danar's Files/Sanata Dharma/semester 4/platform2/.git/
PS E:\DD file\Danar's Files\Sanata Dharma\semester 4\platform2> git add README.md
PS E:\DD file\Danar's Files\Sanata Dharma\semester 4\platform2> git commit -m "first commit"
[master (root-commit) a943e39] first commit
 1 file changed, 0 insertions(+), 0 deletions(-)
 create mode 100644 README.md
PS E:\DD file\Danar's Files\Sanata Dharma\semester 4\platform2> git remote add origin https://github.com/YDanar4026/Platform2.git
PS E:\DD file\Danar's Files\Sanata Dharma\semester 4\platform2> git push -u origin main
Enumerating objects: 3, done.
Counting objects: 100% (3/3), done.
Writing objects: 100% (3/3), 243 bytes | 121.00 KiB/s, done.
Total 3 (delta 0), reused 0 (delta 0), pack-reused 0
To https://github.com/YDanar4026/Platform2.git
branch 'main' set up to track 'origin/main'.
PS E:\DD file\Danar's Files\Sanata Dharma\semester 4\platform2> git status
On branch main
Your branch is up to date with 'origin/main'.

Untracked files:
  (use "git add <file>..." to include in what will be committed)
        html/
PS E:\DD file\Danar's Files\Sanata Dharma\semester 4\platform2> git commit -m "ada folder baru"
On branch main
Your branch is up to date with 'origin/main'.

Untracked files:
  (use "git add <file>..." to include in what will be committed)
        html/

nothing added to commit but untracked files present (use "git add" to track)
PS E:\DD file\Danar's Files\Sanata Dharma\semester 4\platform2> git add .
On branch main
Your branch is up to date with 'origin/main'.

Changes to be committed:
  (use "git restore --staged <file>..." to unstage)
        new file:   html/HTML Tugas 2 baru_225314028.html
        new file:   html/Tugas2HTML_225314028.html
        new file:   html/logo sadhar.png

PS E:\DD file\Danar's Files\Sanata Dharma\semester 4\platform2> git commit -m "ada folder html baru"
[main 90a90d1] ada folder html baru
 4 files changed, 63 insertions(+)
 create mode 100644 html/HTML Tugas 2 baru_225314028.html
 create mode 100644 html/HTML Tugas 2_225314028.txt
 create mode 100644 html/Tugas2HTML_225314028.html
 create mode 100644 html/logo sadhar.png
PS E:\DD file\Danar's Files\Sanata Dharma\semester 4\platform2> git push
Enumerating objects: 6, done.
Counting objects: 100% (6/6), done.
Delta compression using up to 2 threads
Compressing objects: 100% (5/5), done.
Writing objects: 100% (5/5), 9.98 KiB | 1.25 MiB/s, done.
Total 5 (delta 0), reused 0 (delta 0), pack-reused 0
To https://github.com/YDanar4026/Platform2.git
   a943e39..90a90d1  main -> main
PS E:\DD file\Danar's Files\Sanata Dharma\semester 4\platform2>